1         6         LELEL     
1         7         LELEL     
1         8         LELEL     
1         9         LELEL     
2         3         LELEL     
2         4         LELEL     
2         5         LELEL     
2         8         LELEL     
2         9         LELEL     
2         10        LELEL     
3         2         LELEL     
3         4         LELEL     
3         4         LELEL     
3         5         LELEL     
3         9         LELEL     
3         9         LELEL     
3         10        LELEL     
3         11        LELEL     
3         12        LELEL     
3         14        LELEL     
4         2         LELEL     
4         3         LELEL     
4         4         LELEL     
4         5         LELEL     
4         6         LELEL     
4         7         LELEL     
4         8         LELEL     
4         9         LELEL     
4         10        LELEL     
4         11        LELEL     
4         12        LELEL     
4         13        LELEL     
4         14        LELEL     
4         15        LELEL     
4         16        LELEL     
5         -2        LELEL     
5         4         LELEL     
5         5         LELEL     
5         6         LELEL     
5         7         LELEL     
5         9         LELEL     
5         10        LELEL     
5         12        LELEL     
5         13        LELEL     
5         15        LELEL     
5         16        LELEL     
5         17        LELEL     
6         -2        LELEL     
6         2         LELEL     
6         3         LELEL     
6         4         LELEL     
6         5         LELEL     
6         6         LELEL     
6         9         LELEL     
6         10        LELEL     
6         11        LELEL     
6         12        LELEL     
6         13        LELEL     
6         14        LELEL     
6         18        LELEL     
7         2         LELEL     
7         3         LELEL     
7         4         LELEL     
7         5         LELEL     
7         6         LELEL     
7         9         LELEL     
7         11        LELEL     
7         12        LELEL     
7         13        LELEL     
7         14        LELEL     
7         15        LELEL     
7         16        LELEL     
7         17        LELEL     
7         18        LELEL     
8         2         LELEL     
8         5         LELEL     
8         8         LELEL     
8         9         LELEL     
8         10        LELEL     
8         11        LELEL     
8         12        LELEL     
8         13        LELEL     
8         14        LELEL     
8         16        LELEL     
8         18        LELEL     
8         19        LELEL     
9         3         LELEL     
9         5         LELEL     
9         6         LELEL     
9         7         LELEL     
9         8         LELEL     
9         10        LELEL     
9         11        LELEL     
9         12        LELEL     
9         14        LELEL     
9         19        LELEL     
10        2         LELEL     
10        4         LELEL     
10        7         LELEL     
10        11        LELEL     
10        12        LELEL     
10        16        LELEL     
10        18        LELEL     
11        4         LELEL     
11        5         LELEL     
11        7         LELEL     
11        8         LELEL     
11        10        LELEL     
11        11        LELEL     
11        12        LELEL     
11        13        LELEL     
11        17        LELEL     
12        2         LELEL     
12        4         LELEL     
12        5         LELEL     
12        6         LELEL     
12        8         LELEL     
12        9         LELEL     
12        10        LELEL     
12        11        LELEL     
12        12        LELEL     
12        13        LELEL     
12        15        LELEL     
12        17        LELEL     
12        18        LELEL     
13        4         LELEL     
13        5         LELEL     
13        7         LELEL     
13        8         LELEL     
13        11        LELEL     
13        14        LELEL     
13        15        LELEL     
13        16        LELEL     
13        17        LELEL     
14        3         LELEL     
14        6         LELEL     
14        7         LELEL     
14        11        LELEL     
14        12        LELEL     
14        13        LELEL     
14        14        LELEL     
15        4         LELEL     
15        5         LELEL     
15        6         LELEL     
